[14:37:43] [main/INFO]: Environment: authHost='https://authserver.mojang.com', accountsHost='https://api.mojang.com', sessionHost='https://sessionserver.mojang.com', servicesHost='https://api.minecraftservices.com', name='PROD'
[14:37:44] [main/INFO]: Reloading ResourceManager: Default, bukkit
[14:37:45] [Worker-Main-3/INFO]: Loaded 7 recipes
[14:37:45] [Server thread/INFO]: Starting minecraft server version 1.16.5
[14:37:45] [Server thread/INFO]: Loading properties
[14:37:46] [Server thread/INFO]: This server is running Paper version git-Paper-794 (MC: 1.16.5) (Implementing API version 1.16.5-R0.1-SNAPSHOT)
[14:37:46] [Server thread/INFO]: Debug logging is disabled
[14:37:46] [Server thread/INFO]: Server Ping Player Sample Count: 12
[14:37:46] [Server thread/INFO]: Using 4 threads for Netty based IO
[14:37:46] [Server thread/INFO]: Default game type: SURVIVAL
[14:37:46] [Server thread/INFO]: Generating keypair
[14:37:46] [Server thread/INFO]: Starting Minecraft server on *:25570
[14:37:46] [Server thread/INFO]: Using epoll channel type
[14:37:46] [Server thread/INFO]: Server permissions file permissions.yml is empty, ignoring it
[14:37:46] [Server thread/WARN]: **** SERVER IS RUNNING IN OFFLINE/INSECURE MODE!
[14:37:46] [Server thread/WARN]: The server will make no attempt to authenticate usernames. Beware.
[14:37:46] [Server thread/WARN]: While this makes the game possible to play without internet access, it also opens up the ability for hackers to connect with any username they choose.
[14:37:46] [Server thread/WARN]: To change this, set "online-mode" to "true" in the server.properties file.
[14:37:46] [Server thread/INFO]: Preparing level "world"
[14:37:47] [Server thread/INFO]: Preparing start region for dimension minecraft:overworld
[14:37:47] [Server thread/INFO]: Preparing spawn area: 0%
[14:37:47] [Server thread/INFO]: Preparing spawn area: 0%
[14:37:47] [Server thread/INFO]: Time elapsed: 694 ms
[14:37:47] [Server thread/INFO]: Preparing start region for dimension minecraft:the_nether
[14:37:49] [Server thread/INFO]: Preparing spawn area: 0%
[14:37:49] [Server thread/INFO]: Preparing spawn area: 0%
[14:37:49] [Server thread/INFO]: Preparing spawn area: 0%
[14:37:49] [Server thread/INFO]: Preparing spawn area: 0%
[14:37:49] [Server thread/INFO]: Time elapsed: 1789 ms
[14:37:49] [Server thread/INFO]: Preparing start region for dimension minecraft:the_end
[14:37:49] [Server thread/INFO]: Time elapsed: 87 ms
[14:37:49] [Server thread/INFO]: Starting GS4 status listener
[14:37:49] [Server thread/INFO]: Thread Query Listener started
[14:37:49] [Query Listener #1/INFO]: Query running on 0.0.0.0:25570
[14:37:49] [Server thread/INFO]: Running delayed init tasks
[14:37:49] [Server thread/INFO]: Done (3.881s)! For help, type "help"
[14:37:49] [Server thread/INFO]: Timings Reset
